C:\english_folder\fruitfly\drosophila_nav\src\core\flywire_rate.py:177: UserWarning: Sparse invariant checks are implicitly disabled. Memory errors (e.g. SEGFAULT) will occur when operating on a sparse tensor which violates the invariants, but checks incur performance overhead. To silence this warning, explicitly opt in or out. See `torch.sparse.check_sparse_tensor_invariants.__doc__` for guidance.  (Triggered internally at C:\actions-runner\_work\pytorch\pytorch\aten\src\ATen\Context.cpp:855.)
  return torch.sparse_csr_tensor(
C:\english_folder\fruitfly\drosophila_nav\src\core\flywire_rate.py:177: UserWarning: Sparse CSR tensor support is in beta state. If you miss a functionality in the sparse tensor support, please submit a feature request to https://github.com/pytorch/pytorch/issues. (Triggered internally at C:\actions-runner\_work\pytorch\pytorch\aten\src\ATen\SparseCsrTensorImpl.cpp:51.)
  return torch.sparse_csr_tensor(
34125 neurons, 1086631 edges (0 s); threat in: 311 LC4/LPLC2 cells by direction; escape out L5 R5; steer from DNa01/02 L2 R2
steering calibration: sweep r -0.38, gain -5.58e+03

beams arm           found   of  collided  steps  stopped  dist m
    0 connectome        3    5     False    600       0%    95.0
    0 planner           0    5      True     16       0%     2.8
    0 centroid          0    5      True     45       0%     8.4
      (12 s; escape base L0.000 R0.000, peak L0.229 R0.177)
    1 connectome        3    5     False    600       0%    95.0
    1 planner           3    5     False    600      34%    48.0
    1 centroid          0    5     False    600      72%     9.2
      (19 s; escape base L0.000 R0.000, peak L0.229 R0.177)
    3 connectome        3    5     False    600       0%    84.9
    3 planner           3    5     False    600      26%    48.0
    3 centroid          3    5     False    600       0%    64.5
      (24 s; escape base L0.000 R0.000, peak L0.229 R0.177)
    6 connectome        2    5     False    600       7%    85.1
    6 planner           3    5     False    600       0%    52.1
    6 centroid          0    5     False    600       1%    29.5
      (20 s; escape base L0.000 R0.000, peak L0.229 R0.177)
   12 connectome        1    5     False    600      10%    50.5
   12 planner           2    5     False    600       6%    34.7
   12 centroid          0    5     False    600       2%    23.5
      (19 s; escape base L0.000 R0.000, peak L0.229 R0.177)
   24 connectome        2    5     False    600       0%    61.3
   24 planner           2    5     False    600       4%    34.3
   24 centroid          0    5     False    600       2%    23.6
      (21 s; escape base L0.000 R0.000, peak L0.229 R0.177)
wrote sweep_beams_room0.csv
EXIT=0
