C:\english_folder\fruitfly\drosophila_nav\src\core\flywire_rate.py:177: UserWarning: Sparse invariant checks are implicitly disabled. Memory errors (e.g. SEGFAULT) will occur when operating on a sparse tensor which violates the invariants, but checks incur performance overhead. To silence this warning, explicitly opt in or out. See `torch.sparse.check_sparse_tensor_invariants.__doc__` for guidance.  (Triggered internally at C:\actions-runner\_work\pytorch\pytorch\aten\src\ATen\Context.cpp:855.)
  return torch.sparse_csr_tensor(
C:\english_folder\fruitfly\drosophila_nav\src\core\flywire_rate.py:177: UserWarning: Sparse CSR tensor support is in beta state. If you miss a functionality in the sparse tensor support, please submit a feature request to https://github.com/pytorch/pytorch/issues. (Triggered internally at C:\actions-runner\_work\pytorch\pytorch\aten\src\ATen\SparseCsrTensorImpl.cpp:51.)
  return torch.sparse_csr_tensor(
34125 neurons, 1086631 edges (0 s); threat in: LC4/LPLC2 L165 R146, escape out: L5 R5

beams arm           found   of  collided  steps  stopped  dist m
    0 connectome        3    5     False    600       0%    73.6
    0 planner           0    5      True     16       0%     2.8
    0 centroid          0    5      True     45       0%     8.4
      (16 s; escape base L0.000 R0.000, peak L0.002 R0.002)
    1 connectome        3    5     False    600       0%    71.3
    1 planner           3    5     False    600      34%    48.0
    1 centroid          0    5     False    600      72%     9.2
      (31 s; escape base L0.000 R0.000, peak L0.228 R0.178)
    3 connectome        0    5     False    600      81%     2.1
    3 planner           3    5     False    600      26%    48.0
    3 centroid          3    5     False    600       0%    64.5
      (37 s; escape base L0.000 R0.000, peak L0.228 R0.178)
    6 connectome        0    5     False    600      18%     9.1
    6 planner           3    5     False    600       0%    52.1
    6 centroid          0    5     False    600       1%    29.5
      (32 s; escape base L0.000 R0.000, peak L0.228 R0.178)
   12 connectome        0    5     False    600      20%     9.2
   12 planner           2    5     False    600       6%    34.7
   12 centroid          0    5     False    600       2%    23.5
      (30 s; escape base L0.000 R0.000, peak L0.233 R0.182)
   24 connectome        0    5     False    600      20%     9.2
   24 planner           2    5     False    600       4%    34.3
   24 centroid          0    5     False    600       2%    23.6
      (31 s; escape base L0.000 R0.000, peak L0.229 R0.178)
wrote sweep_beams_room0.csv
EXIT=0
