C:\english_folder\fruitfly\drosophila_nav\src\core\flywire_rate.py:177: UserWarning: Sparse invariant checks are implicitly disabled. Memory errors (e.g. SEGFAULT) will occur when operating on a sparse tensor which violates the invariants, but checks incur performance overhead. To silence this warning, explicitly opt in or out. See `torch.sparse.check_sparse_tensor_invariants.__doc__` for guidance.  (Triggered internally at C:\actions-runner\_work\pytorch\pytorch\aten\src\ATen\Context.cpp:855.)
  return torch.sparse_csr_tensor(
C:\english_folder\fruitfly\drosophila_nav\src\core\flywire_rate.py:177: UserWarning: Sparse CSR tensor support is in beta state. If you miss a functionality in the sparse tensor support, please submit a feature request to https://github.com/pytorch/pytorch/issues. (Triggered internally at C:\actions-runner\_work\pytorch\pytorch\aten\src\ATen\SparseCsrTensorImpl.cpp:51.)
  return torch.sparse_csr_tensor(
34125 neurons, 1086631 edges (0 s); threat in: 311 LC4/LPLC2 cells by direction; escape out L5 R5; steer from DNa01/02 L2 R2
steering calibration: sweep r -0.38, gain -5.58e+03

beams arm          reach'ble   walled  collided  steps  stopped  dist m
    0 connectome        5/6         0     False   1200       0%   202.8
    0 planner           5/6         0      True    504       0%   100.4
    0 centroid          3/6         0      True    251       0%    48.0
      (46 s; escape base L0.000 R0.000, peak L0.229 R0.177)
    1 connectome        5/6         0     False   1200       3%   190.8
    1 planner           5/6         0      True    656       5%   121.1
    1 centroid          4/6         0     False   1200       1%   227.7
      (51 s; escape base L0.000 R0.000, peak L0.229 R0.177)
    3 connectome        5/6         0     False   1200       0%   151.0
    3 planner           5/6         0     False   1200       6%   216.8
    3 centroid          4/6         0     False   1200       0%   226.0
      (52 s; escape base L0.000 R0.000, peak L0.229 R0.177)
    6 connectome        5/6         0     False   1200       0%   169.3
    6 planner           5/6         0     False   1200       8%   165.1
    6 centroid          4/6         0     False   1200       1%   216.4
      (63 s; escape base L0.000 R0.000, peak L0.229 R0.177)
   12 connectome        5/6         0     False   1200       0%   174.0
   12 planner           5/6         0     False   1200      10%   172.5
   12 centroid          4/6         0     False   1200       0%   219.7
      (76 s; escape base L0.000 R0.000, peak L0.229 R0.177)
   24 connectome        5/6         0     False   1200       0%   174.2
   24 planner           5/6         0     False   1200      10%   189.9
   24 centroid          4/6         0     False   1200       0%   216.7
      (103 s; escape base L0.000 R0.000, peak L0.229 R0.177)
wrote sweep_beams_room6.csv
EXIT=0
wrote both
