C:\english_folder\fruitfly\drosophila_nav\src\core\flywire_rate.py:177: UserWarning: Sparse invariant checks are implicitly disabled. Memory errors (e.g. SEGFAULT) will occur when operating on a sparse tensor which violates the invariants, but checks incur performance overhead. To silence this warning, explicitly opt in or out. See `torch.sparse.check_sparse_tensor_invariants.__doc__` for guidance.  (Triggered internally at C:\actions-runner\_work\pytorch\pytorch\aten\src\ATen\Context.cpp:855.)
  return torch.sparse_csr_tensor(
C:\english_folder\fruitfly\drosophila_nav\src\core\flywire_rate.py:177: UserWarning: Sparse CSR tensor support is in beta state. If you miss a functionality in the sparse tensor support, please submit a feature request to https://github.com/pytorch/pytorch/issues. (Triggered internally at C:\actions-runner\_work\pytorch\pytorch\aten\src\ATen\SparseCsrTensorImpl.cpp:51.)
  return torch.sparse_csr_tensor(
stage-normalised gains, rho 32.0 -> 1.00
train 1014 clips, val 372 clips, 6 frames each
before training:  steer r +0.034   brake r -0.085
C:\english_folder\fruitfly\drosophila_nav\experiments\train_heads.py:243: UserWarning: Converting a tensor with requires_grad=True to a scalar may lead to unexpected behavior.
Consider using tensor.detach() first. (Triggered internally at C:\actions-runner\_work\pytorch\pytorch\torch\csrc\autograd\generated\python_variable_methods.cpp:821.)
  % (step, float(loss), float(cs), float(cb), skipped,
  step   0  loss -0.0270   steer -0.095  brake -0.134  skipped 0  (1 s)
  step  20  loss -0.6374   steer +0.784  brake +0.153  skipped 0  (24 s)
  step  40  loss -0.3642   steer +0.536  brake -0.277  skipped 0  (47 s)
  step  60  loss -0.7053   steer +0.821  brake -0.177  skipped 0  (71 s)
  step  80  loss -0.4571   steer +0.642  brake -0.213  skipped 0  (94 s)
  step 100  loss -0.4880   steer +0.677  brake +0.170  skipped 0  (117 s)
  step 120  loss -0.4534   steer +0.673  brake +0.017  skipped 0  (140 s)
  step 140  loss -0.6168   steer +0.753  brake +0.222  skipped 0  (163 s)
  step 160  loss -1.4158   steer +0.743  brake +0.929  skipped 0  (186 s)
  step 180  loss -0.3678   steer +0.606  brake -0.033  skipped 0  (209 s)
  step 200  loss -0.3754   steer +0.568  brake +0.230  skipped 0  (231 s)
  step 220  loss -0.5479   steer +0.724  brake -0.154  skipped 0  (258 s)
  step 240  loss -0.6630   steer +0.807  brake -0.111  skipped 0  (293 s)
  step 249  loss -0.5997   steer +0.750  brake +0.193  skipped 0  (308 s)
after training:   steer r +0.175   brake r +0.029
                  was   steer r +0.034   brake r -0.085
skipped 0 of 250 steps; parameters finite: True
wrote eye_trained.npz
EXIT=0
